
2025-05-01 19:43:26 - my_bot - ERROR - Ошибка создания акта: unsupported operand type(s) for *: 'decimal.Decimal' and 'float' - [generate_document.py:282]
Traceback (most recent call last):
  File "c:\проекты\бот_квитанции\src\services\generate_document.py", line 226, in create_act
    amount_peni = db_data["rent_amount"]*0.005
                  ~~~~~~~~~~~~~~~~~~~~~~^~~~~~
TypeError: unsupported operand type(s) for *: 'decimal.Decimal' and 'float'
2025-05-01 19:43:26 - my_bot - ERROR - Document generation error: unsupported operand type(s) for *: 'decimal.Decimal' and 'float' - [document_handlers.py:195]
2025-05-01 19:44:36 - my_bot - ERROR - Ошибка создания акта: unsupported operand type(s) for *: 'decimal.Decimal' and 'float' - [generate_document.py:282]
Traceback (most recent call last):
  File "c:\проекты\бот_квитанции\src\services\generate_document.py", line 226, in create_act
    amount_peni = db_data["rent_amount"]*0.005
                  ~~~~~~~~~~~~~~~~~~~~~~^~~~~~
TypeError: unsupported operand type(s) for *: 'decimal.Decimal' and 'float'
2025-05-01 19:44:36 - my_bot - ERROR - Document generation error: unsupported operand type(s) for *: 'decimal.Decimal' and 'float' - [document_handlers.py:195]
2025-05-01 19:45:18 - my_bot - ERROR - Ошибка создания акта: expected string or bytes-like object, got 'NoneType' - [generate_document.py:282]
Traceback (most recent call last):
  File "c:\проекты\бот_квитанции\src\services\generate_document.py", line 272, in create_act
    output_filename = generate_output_filename(template_name, db_data)
  File "c:\проекты\бот_квитанции\src\services\generate_document.py", line 153, in generate_output_filename
    clean_template = re.sub(r'\bШАБЛОН_?', '', template_name, flags=re.IGNORECASE)
                     ~~~~~~^^^^^^^^^^^^^^^^^^^^^^^^^^^^^^^^^^^^^^^^^^^^^^^^^^^^^^^
  File "C:\Users\mitan\AppData\Local\Programs\Python\Python313\Lib\re\__init__.py", line 208, in sub
    return _compile(pattern, flags).sub(repl, string, count)
           ~~~~~~~~~~~~~~~~~~~~~~~~~~~~^^^^^^^^^^^^^^^^^^^^^
TypeError: expected string or bytes-like object, got 'NoneType'
2025-05-01 19:45:18 - my_bot - ERROR - Document generation error: expected string or bytes-like object, got 'NoneType' - [document_handlers.py:195]
2025-05-01 19:46:35 - my_bot - ERROR - Ошибка создания акта: expected string or bytes-like object, got 'NoneType' - [generate_document.py:282]
Traceback (most recent call last):
  File "c:\проекты\бот_квитанции\src\services\generate_document.py", line 272, in create_act
    output_filename = generate_output_filename(template_name, db_data)
  File "c:\проекты\бот_квитанции\src\services\generate_document.py", line 153, in generate_output_filename
    clean_template = re.sub(r'\bШАБЛОН_?', '', template_name, flags=re.IGNORECASE)
                     ~~~~~~^^^^^^^^^^^^^^^^^^^^^^^^^^^^^^^^^^^^^^^^^^^^^^^^^^^^^^^
  File "C:\Users\mitan\AppData\Local\Programs\Python\Python313\Lib\re\__init__.py", line 208, in sub
    return _compile(pattern, flags).sub(repl, string, count)
           ~~~~~~~~~~~~~~~~~~~~~~~~~~~~^^^^^^^^^^^^^^^^^^^^^
TypeError: expected string or bytes-like object, got 'NoneType'
2025-05-01 19:46:35 - my_bot - ERROR - Document generation error: expected string or bytes-like object, got 'NoneType' - [document_handlers.py:195]
2025-05-01 19:50:10 - my_bot - ERROR - Ошибка генерации документов: send_documents() missing 1 required positional argument: 'invoice_path' - [document_handlers.py:95]
2025-05-01 19:53:24 - my_bot - ERROR - Ошибка генерации документов: 'meters' - [document_handlers.py:135]
2025-05-01 20:03:50 - my_bot - ERROR - Шаблон не найден. Доступные файлы:
excel_template.html
ШАБЛОН_Акт_аренда.xlsx
ШАБЛОН_Акт_ком_услуги1.xlsx
ШАБЛОН_Акт_ком_услуги2.xlsx
ШАБЛОН_Акт_ком_услуги3.xlsx
ШАБЛОН_Акт_ком_услуги4.xlsx
ШАБЛОН_Акт_ком_услуги5.xlsx
ШАБЛОН_Счет_за_аренду.xlsx
ШАБЛОН_Счет_за_просрочку.xlsx
ШАБЛОН_Счет_за_электричество.xlsx - [generate_document.py:41]
2025-05-01 20:03:50 - my_bot - ERROR - Ошибка генерации: Шаблон Счет_за_аренду.xlsx не найден - [generate_document.py:60]
Traceback (most recent call last):
  File "c:\проекты\бот_квитанции\src\services\generate_document.py", line 42, in generate_document
    raise FileNotFoundError(f"Шаблон {template_name} не найден")
FileNotFoundError: Шаблон Счет_за_аренду.xlsx не найден
2025-05-01 20:03:50 - my_bot - ERROR - Ошибка создания акта: Шаблон Счет_за_аренду.xlsx не найден - [generate_document.py:282]
Traceback (most recent call last):
  File "c:\проекты\бот_квитанции\src\services\generate_document.py", line 275, in create_act
    return await generate_document(
           ^^^^^^^^^^^^^^^^^^^^^^^^
    ...<3 lines>...
    )
    ^
  File "c:\проекты\бот_квитанции\src\services\generate_document.py", line 42, in generate_document
    raise FileNotFoundError(f"Шаблон {template_name} не найден")
FileNotFoundError: Шаблон Счет_за_аренду.xlsx не найден
2025-05-01 20:03:50 - my_bot - ERROR - Ошибка генерации документов: Шаблон Счет_за_аренду.xlsx не найден - [document_handlers.py:170]
2025-05-01 20:05:26 - my_bot - ERROR - Ошибка отправки: [Errno 2] No such file or directory: 'C:\\проекты\\бот_квитанции\\data\\files\\С' - [document_handlers.py:277]
Traceback (most recent call last):
  File "c:\проекты\бот_квитанции\src\handlers\document_handlers.py", line 247, in handle_send_confirmation
    with open(pdf_path, "rb") as f:
         ~~~~^^^^^^^^^^^^^^^^
FileNotFoundError: [Errno 2] No such file or directory: 'C:\\проекты\\бот_квитанции\\data\\files\\С'
2025-05-01 20:13:51 - my_bot - ERROR - Ошибка отправки: [Errno 2] No such file or directory: 'C:\\проекты\\бот_квитанции\\data\\files\\С' - [document_handlers.py:275]
Traceback (most recent call last):
  File "c:\проекты\бот_квитанции\src\handlers\document_handlers.py", line 245, in handle_send_confirmation
    with open(pdf_path, "rb") as f:
         ~~~~^^^^^^^^^^^^^^^^
FileNotFoundError: [Errno 2] No such file or directory: 'C:\\проекты\\бот_квитанции\\data\\files\\С'
2025-05-01 20:17:30 - my_bot - ERROR - Ошибка отправки: [Errno 2] No such file or directory: 'C:\\проекты\\бот_квитанции\\data\\files\\А' - [document_handlers.py:275]
Traceback (most recent call last):
  File "c:\проекты\бот_квитанции\src\handlers\document_handlers.py", line 245, in handle_send_confirmation
    with open(pdf_path, "rb") as f:
         ~~~~^^^^^^^^^^^^^^^^
FileNotFoundError: [Errno 2] No such file or directory: 'C:\\проекты\\бот_квитанции\\data\\files\\А'
2025-05-01 20:25:33 - my_bot - ERROR - Ошибка генерации документов: send_documents() missing 1 required positional argument: 'invoice_path' - [document_handlers.py:95]
2025-05-02 11:59:23 - my_bot - ERROR - Ошибка в команде /get_all_tenants: not all arguments converted during string formatting - [get_ten.py:53]
2025-05-02 12:01:05 - my_bot - ERROR - Ошибка в команде /get_all_tenants: (1064, "You have an error in your SQL syntax; check the manual that corresponds to your MySQL server version for the right syntax to use near 'WHERE host_id = 1374296012' at line 5") - [get_ten.py:53]
2025-05-02 12:01:46 - my_bot - ERROR - Ошибка в команде /get_all_tenants: (1064, "You have an error in your SQL syntax; check the manual that corresponds to your MySQL server version for the right syntax to use near 'WHERE host_id = 1374296012' at line 5") - [get_ten.py:53]
2025-05-02 12:04:41 - my_bot - ERROR - Ошибка в команде /get_all_tenants: (1064, "You have an error in your SQL syntax; check the manual that corresponds to your MySQL server version for the right syntax to use near 'WHERE host_id = 1374296012' at line 5") - [get_ten.py:53]
2025-05-02 12:08:24 - my_bot - ERROR - Ошибка в команде /get_all_tenants: (1064, "You have an error in your SQL syntax; check the manual that corresponds to your MySQL server version for the right syntax to use near 'WHERE host_id = 1374296012' at line 5") - [get_ten.py:53]
2025-05-02 12:46:58 - my_bot - ERROR - Ошибка в команде /get_all_tenants: HTTP Client says - ClientConnectorError: Cannot connect to host api.telegram.org:443 ssl:default [Превышен таймаут семафора] - [get_ten.py:55]
2025-05-02 16:15:42 - my_bot - ERROR - [1374296012] Ошибка добавления: (1366, "Incorrect integer value: 'Индивидуальный предприниматель' for column 'type' at row 1") - [add_user.py:96]
2025-05-02 16:51:22 - my_bot - ERROR - Ошибка БД: Пользователь с ID 1374296012 не найден - [generate_document.py:172]
2025-05-02 16:51:22 - my_bot - ERROR - Ошибка создания акта: Пользователь с ID 1374296012 не найден - [generate_document.py:311]
Traceback (most recent call last):
  File "c:\проекты\бот_квитанции\src\services\generate_document.py", line 248, in create_act
    db_data_user = await get_user_data(user_id)
                   ^^^^^^^^^^^^^^^^^^^^^^^^^^^^
  File "c:\проекты\бот_квитанции\src\services\generate_document.py", line 166, in get_user_data
    raise ValueError(f"Пользователь с ID {user_id} не найден")
ValueError: Пользователь с ID 1374296012 не найден
2025-05-02 16:51:22 - my_bot - ERROR - Document generation error: Пользователь с ID 1374296012 не найден - [document_handlers.py:234]
2025-05-02 16:52:23 - my_bot - ERROR - Ошибка БД: Пользователь с ID 1374296012 не найден - [generate_document.py:172]
2025-05-02 16:52:23 - my_bot - ERROR - Ошибка создания акта: Пользователь с ID 1374296012 не найден - [generate_document.py:311]
Traceback (most recent call last):
  File "c:\проекты\бот_квитанции\src\services\generate_document.py", line 248, in create_act
    db_data_user = await get_user_data(user_id)
                   ^^^^^^^^^^^^^^^^^^^^^^^^^^^^
  File "c:\проекты\бот_квитанции\src\services\generate_document.py", line 166, in get_user_data
    raise ValueError(f"Пользователь с ID {user_id} не найден")
ValueError: Пользователь с ID 1374296012 не найден
2025-05-02 16:52:23 - my_bot - ERROR - Document generation error: Пользователь с ID 1374296012 не найден - [document_handlers.py:234]
2025-05-02 16:54:54 - my_bot - ERROR - Ошибка генерации документов: create_act() missing 1 required positional argument: 'template_name' - [document_handlers.py:174]
2025-05-02 16:57:39 - my_bot - ERROR - Ошибка генерации документов: create_act() missing 1 required positional argument: 'tenant_id' - [document_handlers.py:141]
2025-05-02 17:01:49 - my_bot - ERROR - Ошибка генерации для 1 - [mass_otr.py:216]
Traceback (most recent call last):
  File "c:\проекты\бот_квитанции\src\handlers\mass_otr.py", line 203, in generate_documents
    xlsx_path = await create_act(tenant_id, template, custom_date=custom_date)
                      ~~~~~~~~~~^^^^^^^^^^^^^^^^^^^^^^^^^^^^^^^^^^^^^^^^^^^^^^
TypeError: create_act() missing 1 required positional argument: 'template_name'
2025-05-02 17:01:49 - my_bot - ERROR - Ошибка генерации для 2 - [mass_otr.py:216]
Traceback (most recent call last):
  File "c:\проекты\бот_квитанции\src\handlers\mass_otr.py", line 203, in generate_documents
    xlsx_path = await create_act(tenant_id, template, custom_date=custom_date)
                      ~~~~~~~~~~^^^^^^^^^^^^^^^^^^^^^^^^^^^^^^^^^^^^^^^^^^^^^^
TypeError: create_act() missing 1 required positional argument: 'template_name'
2025-05-02 19:33:24 - my_bot - ERROR - Error adding tenant by user 1374296012: (1054, "Unknown column 'adr' in 'field list'") - [add_user.py:124]
2025-05-02 19:59:45 - my_bot - ERROR - Ошибка БД: (1054, "Unknown column 'adr' in 'field list'") - [generate_document.py:145]
2025-05-02 19:59:45 - my_bot - ERROR - Ошибка создания акта: (1054, "Unknown column 'adr' in 'field list'") - [generate_document.py:320]
Traceback (most recent call last):
  File "c:\проекты\бот_квитанции\src\services\generate_document.py", line 247, in create_act
    db_data_ten = await get_tenant_data(tenant_id)
                  ^^^^^^^^^^^^^^^^^^^^^^^^^^^^^^^^
  File "c:\проекты\бот_квитанции\src\services\generate_document.py", line 131, in get_tenant_data
    await cursor.execute(
    ...<4 lines>...
    )
  File "C:\Users\mitan\AppData\Local\Programs\Python\Python313\Lib\site-packages\aiomysql\cursors.py", line 239, in execute
    await self._query(query)
  File "C:\Users\mitan\AppData\Local\Programs\Python\Python313\Lib\site-packages\aiomysql\cursors.py", line 457, in _query
    await conn.query(q)
  File "C:\Users\mitan\AppData\Local\Programs\Python\Python313\Lib\site-packages\aiomysql\connection.py", line 469, in query
    await self._read_query_result(unbuffered=unbuffered)
  File "C:\Users\mitan\AppData\Local\Programs\Python\Python313\Lib\site-packages\aiomysql\connection.py", line 683, in _read_query_result
    await result.read()
  File "C:\Users\mitan\AppData\Local\Programs\Python\Python313\Lib\site-packages\aiomysql\connection.py", line 1164, in read
    first_packet = await self.connection._read_packet()
                   ^^^^^^^^^^^^^^^^^^^^^^^^^^^^^^^^^^^^
  File "C:\Users\mitan\AppData\Local\Programs\Python\Python313\Lib\site-packages\aiomysql\connection.py", line 652, in _read_packet
    packet.raise_for_error()
    ~~~~~~~~~~~~~~~~~~~~~~^^
  File "C:\Users\mitan\AppData\Local\Programs\Python\Python313\Lib\site-packages\pymysql\protocol.py", line 219, in raise_for_error
    err.raise_mysql_exception(self._data)
    ~~~~~~~~~~~~~~~~~~~~~~~~~^^^^^^^^^^^^
  File "C:\Users\mitan\AppData\Local\Programs\Python\Python313\Lib\site-packages\pymysql\err.py", line 150, in raise_mysql_exception
    raise errorclass(errno, errval)
pymysql.err.OperationalError: (1054, "Unknown column 'adr' in 'field list'")
2025-05-02 19:59:45 - my_bot - ERROR - Document generation error: (1054, "Unknown column 'adr' in 'field list'") - [document_handlers.py:238]
2025-05-02 23:09:53 - my_bot - ERROR - [1374296012] Ошибка добавления: (1406, "Data too long for column 'inn' at row 1") - [add_tenant.py:228]
2025-05-03 15:17:35 - my_bot - ERROR - Date parsing error: 4 - [profile.py:39]
2025-05-04 00:29:54 - my_bot - ERROR - 🚨 Ошибка закрытия соединения: object NoneType can't be used in 'await' expression - [database.py:48]
2025-05-03 18:14:16 - my_bot - ERROR - Error adding tenant by user 1374296012: (1452, 'Cannot add or update a child row: a foreign key constraint fails (`kwit_bot`.`user_details`, CONSTRAINT `user_details_ibfk_1` FOREIGN KEY (`user_id`) REFERENCES `users` (`id`) ON DELETE CASCADE)') - [add_user.py:129]
2025-05-03 18:17:25 - my_bot - ERROR - Error adding tenant by user 1374296012: (1054, "Unknown column 'host_id' in 'field list'") - [add_user.py:130]
2025-05-03 18:18:29 - my_bot - ERROR - Error adding tenant by user 1374296012: not enough arguments for format string - [add_user.py:130]
2025-05-03 18:27:21 - my_bot - ERROR - Error adding tenant by user 1374296012: not enough arguments for format string - [add_user.py:130]
2025-05-03 19:28:21 - my_bot - ERROR - Ошибка создания акта: (1452, 'Cannot add or update a child row: a foreign key constraint fails (`kwit_bot`.`documents`, CONSTRAINT `documents_ibfk_1` FOREIGN KEY (`user_id`) REFERENCES `users` (`id`) ON DELETE CASCADE)') - [generate_document.py:347]
Traceback (most recent call last):
  File "c:\проекты\бот_квитанции\src\services\generate_document.py", line 330, in create_act
    await cursor.execute(
    ...<9 lines>...
    )
  File "C:\Users\mitan\AppData\Local\Programs\Python\Python313\Lib\site-packages\aiomysql\cursors.py", line 239, in execute
    await self._query(query)
  File "C:\Users\mitan\AppData\Local\Programs\Python\Python313\Lib\site-packages\aiomysql\cursors.py", line 457, in _query
    await conn.query(q)
  File "C:\Users\mitan\AppData\Local\Programs\Python\Python313\Lib\site-packages\aiomysql\connection.py", line 469, in query
    await self._read_query_result(unbuffered=unbuffered)
  File "C:\Users\mitan\AppData\Local\Programs\Python\Python313\Lib\site-packages\aiomysql\connection.py", line 683, in _read_query_result
    await result.read()
  File "C:\Users\mitan\AppData\Local\Programs\Python\Python313\Lib\site-packages\aiomysql\connection.py", line 1164, in read
    first_packet = await self.connection._read_packet()
                   ^^^^^^^^^^^^^^^^^^^^^^^^^^^^^^^^^^^^
  File "C:\Users\mitan\AppData\Local\Programs\Python\Python313\Lib\site-packages\aiomysql\connection.py", line 652, in _read_packet
    packet.raise_for_error()
    ~~~~~~~~~~~~~~~~~~~~~~^^
  File "C:\Users\mitan\AppData\Local\Programs\Python\Python313\Lib\site-packages\pymysql\protocol.py", line 219, in raise_for_error
    err.raise_mysql_exception(self._data)
    ~~~~~~~~~~~~~~~~~~~~~~~~~^^^^^^^^^^^^
  File "C:\Users\mitan\AppData\Local\Programs\Python\Python313\Lib\site-packages\pymysql\err.py", line 150, in raise_mysql_exception
    raise errorclass(errno, errval)
pymysql.err.IntegrityError: (1452, 'Cannot add or update a child row: a foreign key constraint fails (`kwit_bot`.`documents`, CONSTRAINT `documents_ibfk_1` FOREIGN KEY (`user_id`) REFERENCES `users` (`id`) ON DELETE CASCADE)')
2025-05-03 19:28:21 - my_bot - ERROR - Document generation error: (1452, 'Cannot add or update a child row: a foreign key constraint fails (`kwit_bot`.`documents`, CONSTRAINT `documents_ibfk_1` FOREIGN KEY (`user_id`) REFERENCES `users` (`id`) ON DELETE CASCADE)') - [document_handlers.py:238]
2025-05-03 19:31:58 - my_bot - ERROR - Ошибка создания акта: 0 - [generate_document.py:359]
Traceback (most recent call last):
  File "c:\проекты\бот_квитанции\src\services\generate_document.py", line 260, in create_act
    user_db_id = user_db_id[0]
                 ~~~~~~~~~~^^^
KeyError: 0
2025-05-03 19:31:58 - my_bot - ERROR - Document generation error: 0 - [document_handlers.py:238]
2025-05-03 19:33:43 - my_bot - ERROR - Ошибка создания акта: (0, 'Not connected') - [generate_document.py:359]
Traceback (most recent call last):
  File "c:\проекты\бот_квитанции\src\services\generate_document.py", line 341, in create_act
    async with conn.cursor() as cursor:
               ~~~~~~~~~~~^^
  File "C:\Users\mitan\AppData\Local\Programs\Python\Python313\Lib\site-packages\aiomysql\connection.py", line 442, in cursor
    self._ensure_alive()
    ~~~~~~~~~~~~~~~~~~^^
  File "C:\Users\mitan\AppData\Local\Programs\Python\Python313\Lib\site-packages\aiomysql\connection.py", line 1123, in _ensure_alive
    raise InterfaceError("(0, 'Not connected')")
pymysql.err.InterfaceError: (0, 'Not connected')
2025-05-03 19:33:43 - my_bot - ERROR - Document generation error: (0, 'Not connected') - [document_handlers.py:238]
2025-05-03 19:37:32 - my_bot - ERROR - Ошибка создания акта: (1452, 'Cannot add or update a child row: a foreign key constraint fails (`kwit_bot`.`documents`, CONSTRAINT `documents_ibfk_1` FOREIGN KEY (`user_id`) REFERENCES `users` (`id`) ON DELETE CASCADE)') - [generate_document.py:347]
Traceback (most recent call last):
  File "c:\проекты\бот_квитанции\src\services\generate_document.py", line 330, in create_act
    await cursor.execute(
    ...<9 lines>...
    )
  File "C:\Users\mitan\AppData\Local\Programs\Python\Python313\Lib\site-packages\aiomysql\cursors.py", line 239, in execute
    await self._query(query)
  File "C:\Users\mitan\AppData\Local\Programs\Python\Python313\Lib\site-packages\aiomysql\cursors.py", line 457, in _query
    await conn.query(q)
  File "C:\Users\mitan\AppData\Local\Programs\Python\Python313\Lib\site-packages\aiomysql\connection.py", line 469, in query
    await self._read_query_result(unbuffered=unbuffered)
  File "C:\Users\mitan\AppData\Local\Programs\Python\Python313\Lib\site-packages\aiomysql\connection.py", line 683, in _read_query_result
    await result.read()
  File "C:\Users\mitan\AppData\Local\Programs\Python\Python313\Lib\site-packages\aiomysql\connection.py", line 1164, in read
    first_packet = await self.connection._read_packet()
                   ^^^^^^^^^^^^^^^^^^^^^^^^^^^^^^^^^^^^
  File "C:\Users\mitan\AppData\Local\Programs\Python\Python313\Lib\site-packages\aiomysql\connection.py", line 652, in _read_packet
    packet.raise_for_error()
    ~~~~~~~~~~~~~~~~~~~~~~^^
  File "C:\Users\mitan\AppData\Local\Programs\Python\Python313\Lib\site-packages\pymysql\protocol.py", line 219, in raise_for_error
    err.raise_mysql_exception(self._data)
    ~~~~~~~~~~~~~~~~~~~~~~~~~^^^^^^^^^^^^
  File "C:\Users\mitan\AppData\Local\Programs\Python\Python313\Lib\site-packages\pymysql\err.py", line 150, in raise_mysql_exception
    raise errorclass(errno, errval)
pymysql.err.IntegrityError: (1452, 'Cannot add or update a child row: a foreign key constraint fails (`kwit_bot`.`documents`, CONSTRAINT `documents_ibfk_1` FOREIGN KEY (`user_id`) REFERENCES `users` (`id`) ON DELETE CASCADE)')
2025-05-03 19:37:32 - my_bot - ERROR - Document generation error: (1452, 'Cannot add or update a child row: a foreign key constraint fails (`kwit_bot`.`documents`, CONSTRAINT `documents_ibfk_1` FOREIGN KEY (`user_id`) REFERENCES `users` (`id`) ON DELETE CASCADE)') - [document_handlers.py:238]
2025-05-03 20:05:30 - my_bot - ERROR - Ошибка создания акта: (1054, "Unknown column 'file_path' in 'field list'") - [generate_document.py:348]
Traceback (most recent call last):
  File "c:\проекты\бот_квитанции\src\services\generate_document.py", line 330, in create_act
    await cursor.execute(
    ...<10 lines>...
    )
  File "C:\Users\mitan\AppData\Local\Programs\Python\Python313\Lib\site-packages\aiomysql\cursors.py", line 239, in execute
    await self._query(query)
  File "C:\Users\mitan\AppData\Local\Programs\Python\Python313\Lib\site-packages\aiomysql\cursors.py", line 457, in _query
    await conn.query(q)
  File "C:\Users\mitan\AppData\Local\Programs\Python\Python313\Lib\site-packages\aiomysql\connection.py", line 469, in query
    await self._read_query_result(unbuffered=unbuffered)
  File "C:\Users\mitan\AppData\Local\Programs\Python\Python313\Lib\site-packages\aiomysql\connection.py", line 683, in _read_query_result
    await result.read()
  File "C:\Users\mitan\AppData\Local\Programs\Python\Python313\Lib\site-packages\aiomysql\connection.py", line 1164, in read
    first_packet = await self.connection._read_packet()
                   ^^^^^^^^^^^^^^^^^^^^^^^^^^^^^^^^^^^^
  File "C:\Users\mitan\AppData\Local\Programs\Python\Python313\Lib\site-packages\aiomysql\connection.py", line 652, in _read_packet
    packet.raise_for_error()
    ~~~~~~~~~~~~~~~~~~~~~~^^
  File "C:\Users\mitan\AppData\Local\Programs\Python\Python313\Lib\site-packages\pymysql\protocol.py", line 219, in raise_for_error
    err.raise_mysql_exception(self._data)
    ~~~~~~~~~~~~~~~~~~~~~~~~~^^^^^^^^^^^^
  File "C:\Users\mitan\AppData\Local\Programs\Python\Python313\Lib\site-packages\pymysql\err.py", line 150, in raise_mysql_exception
    raise errorclass(errno, errval)
pymysql.err.OperationalError: (1054, "Unknown column 'file_path' in 'field list'")
2025-05-03 20:05:30 - my_bot - ERROR - Ошибка генерации для 1 - [mass_otr.py:215]
Traceback (most recent call last):
  File "c:\проекты\бот_квитанции\src\handlers\mass_otr.py", line 204, in generate_documents
    xlsx_path = await create_act(user_id, tenant_id, template, custom_date=custom_date)
                ^^^^^^^^^^^^^^^^^^^^^^^^^^^^^^^^^^^^^^^^^^^^^^^^^^^^^^^^^^^^^^^^^^^^^^^
  File "c:\проекты\бот_квитанции\src\services\generate_document.py", line 330, in create_act
    await cursor.execute(
    ...<10 lines>...
    )
  File "C:\Users\mitan\AppData\Local\Programs\Python\Python313\Lib\site-packages\aiomysql\cursors.py", line 239, in execute
    await self._query(query)
  File "C:\Users\mitan\AppData\Local\Programs\Python\Python313\Lib\site-packages\aiomysql\cursors.py", line 457, in _query
    await conn.query(q)
  File "C:\Users\mitan\AppData\Local\Programs\Python\Python313\Lib\site-packages\aiomysql\connection.py", line 469, in query
    await self._read_query_result(unbuffered=unbuffered)
  File "C:\Users\mitan\AppData\Local\Programs\Python\Python313\Lib\site-packages\aiomysql\connection.py", line 683, in _read_query_result
    await result.read()
  File "C:\Users\mitan\AppData\Local\Programs\Python\Python313\Lib\site-packages\aiomysql\connection.py", line 1164, in read
    first_packet = await self.connection._read_packet()
                   ^^^^^^^^^^^^^^^^^^^^^^^^^^^^^^^^^^^^
  File "C:\Users\mitan\AppData\Local\Programs\Python\Python313\Lib\site-packages\aiomysql\connection.py", line 652, in _read_packet
    packet.raise_for_error()
    ~~~~~~~~~~~~~~~~~~~~~~^^
  File "C:\Users\mitan\AppData\Local\Programs\Python\Python313\Lib\site-packages\pymysql\protocol.py", line 219, in raise_for_error
    err.raise_mysql_exception(self._data)
    ~~~~~~~~~~~~~~~~~~~~~~~~~^^^^^^^^^^^^
  File "C:\Users\mitan\AppData\Local\Programs\Python\Python313\Lib\site-packages\pymysql\err.py", line 150, in raise_mysql_exception
    raise errorclass(errno, errval)
pymysql.err.OperationalError: (1054, "Unknown column 'file_path' in 'field list'")
2025-05-03 20:12:31 - my_bot - ERROR - Исключение при отправке email для ID 19: convert_excel_to_pdf() missing 1 required positional argument: 'pdf_path' - [mass_otr.py:164]
Traceback (most recent call last):
  File "c:\проекты\бот_квитанции\src\handlers\mass_otr.py", line 138, in handle_rent_date_or_send
    path = convert_excel_to_pdf(path)
TypeError: convert_excel_to_pdf() missing 1 required positional argument: 'pdf_path'
2025-05-03 20:22:17 - my_bot - ERROR - Ошибка для ID 19: Path.replace() takes 2 positional arguments but 3 were given - [mass_otr.py:178]
2025-05-03 20:25:33 - my_bot - ERROR - Ошибка для ID 19: Path.replace() takes 2 positional arguments but 3 were given - [mass_otr.py:178]
Traceback (most recent call last):
  File "c:\проекты\бот_квитанции\src\handlers\mass_otr.py", line 141, in handle_rent_date_or_send
    pdf_path = xlsx_path.replace(".xlsx", ".pdf")
TypeError: Path.replace() takes 2 positional arguments but 3 were given
2025-05-04 15:38:20 - my_bot - ERROR - Error handling profile menu for user 1374296012: Can't instantiate abstract class InputFile without an implementation for abstract method 'read' - [profile.py:154]
2025-05-04 15:41:10 - my_bot - ERROR - Error handling profile menu for user 1374296012: 2 validation errors for SendPhoto
photo.str
  Input should be a valid string [type=string_type, input_value=<_io.BufferedReader name=.../photos/1374296012.png'>, input_type=BufferedReader]
    For further information visit https://errors.pydantic.dev/2.10/v/string_type
photo.is-instance[InputFile]
  Input should be an instance of InputFile [type=is_instance_of, input_value=<_io.BufferedReader name=.../photos/1374296012.png'>, input_type=BufferedReader]
    For further information visit https://errors.pydantic.dev/2.10/v/is_instance_of - [profile.py:152]
2025-05-04 15:43:20 - my_bot - ERROR - Error handling profile menu for user 1374296012: Can't instantiate abstract class InputFile without an implementation for abstract method 'read' - [profile.py:154]
2025-05-04 15:44:14 - my_bot - ERROR - Error handling profile menu for user 1374296012: Can't instantiate abstract class InputFile without an implementation for abstract method 'read' - [profile.py:154]
2025-05-04 15:45:44 - my_bot - ERROR - Error handling profile menu for user 1374296012: Can't instantiate abstract class InputFile without an implementation for abstract method 'read' - [profile.py:154]
2025-05-04 15:47:35 - my_bot - ERROR - Error handling profile menu for user 1374296012: Can't instantiate abstract class InputFile without an implementation for abstract method 'read' - [profile.py:154]
2025-05-04 15:49:23 - my_bot - ERROR - Error handling profile menu for user 1374296012: Can't instantiate abstract class InputFile without an implementation for abstract method 'read' - [profile.py:154]
2025-05-04 16:43:50 - my_bot - ERROR - Ошибка при конвертации C:\проекты\бот_квитанции\data\files\Акт_аренда_46-57_МелякинИванВладимирович_20250504.xlsx в PDF: FPDF error: Not a PNG file: data/photos/1374296012.png - [excel_to_pdf.py:32]
Traceback (most recent call last):
  File "c:\проекты\бот_квитанции\src\services\excel_to_pdf.py", line 26, in convert_excel_to_pdf
    add_signature_to_pdf(pdf_path, signature_path)
    ~~~~~~~~~~~~~~~~~~~~^^^^^^^^^^^^^^^^^^^^^^^^^^
  File "c:\проекты\бот_квитанции\src\services\excel_to_pdf.py", line 40, in add_signature_to_pdf
    pdf.image(signature_path, x=10, y=250, w=40)
    ~~~~~~~~~^^^^^^^^^^^^^^^^^^^^^^^^^^^^^^^^^^^
  File "C:\Users\mitan\AppData\Local\Programs\Python\Python313\Lib\site-packages\fpdf\fpdf.py", line 150, in wrapper
    return fn(self, *args, **kwargs)
  File "C:\Users\mitan\AppData\Local\Programs\Python\Python313\Lib\site-packages\fpdf\fpdf.py", line 971, in image
    info=self._parsepng(name)
  File "C:\Users\mitan\AppData\Local\Programs\Python\Python313\Lib\site-packages\fpdf\fpdf.py", line 1780, in _parsepng
    self.error('Not a PNG file: '+name)
    ~~~~~~~~~~^^^^^^^^^^^^^^^^^^^^^^^^^
  File "C:\Users\mitan\AppData\Local\Programs\Python\Python313\Lib\site-packages\fpdf\fpdf.py", line 227, in error
    raise RuntimeError('FPDF error: '+msg)
RuntimeError: FPDF error: Not a PNG file: data/photos/1374296012.png
2025-05-04 16:43:50 - my_bot - ERROR - Ошибка отправки: FPDF error: Not a PNG file: data/photos/1374296012.png - [document_handlers.py:307]
Traceback (most recent call last):
  File "c:\проекты\бот_квитанции\src\handlers\document_handlers.py", line 262, in handle_send_confirmation
    excel_to_pdf.convert_excel_to_pdf(xlsx_path, pdf_path, message.from_user.id)
    ~~~~~~~~~~~~~~~~~~~~~~~~~~~~~~~~~^^^^^^^^^^^^^^^^^^^^^^^^^^^^^^^^^^^^^^^^^^^
  File "c:\проекты\бот_квитанции\src\services\excel_to_pdf.py", line 26, in convert_excel_to_pdf
    add_signature_to_pdf(pdf_path, signature_path)
    ~~~~~~~~~~~~~~~~~~~~^^^^^^^^^^^^^^^^^^^^^^^^^^
  File "c:\проекты\бот_квитанции\src\services\excel_to_pdf.py", line 40, in add_signature_to_pdf
    pdf.image(signature_path, x=10, y=250, w=40)
    ~~~~~~~~~^^^^^^^^^^^^^^^^^^^^^^^^^^^^^^^^^^^
  File "C:\Users\mitan\AppData\Local\Programs\Python\Python313\Lib\site-packages\fpdf\fpdf.py", line 150, in wrapper
    return fn(self, *args, **kwargs)
  File "C:\Users\mitan\AppData\Local\Programs\Python\Python313\Lib\site-packages\fpdf\fpdf.py", line 971, in image
    info=self._parsepng(name)
  File "C:\Users\mitan\AppData\Local\Programs\Python\Python313\Lib\site-packages\fpdf\fpdf.py", line 1780, in _parsepng
    self.error('Not a PNG file: '+name)
    ~~~~~~~~~~^^^^^^^^^^^^^^^^^^^^^^^^^
  File "C:\Users\mitan\AppData\Local\Programs\Python\Python313\Lib\site-packages\fpdf\fpdf.py", line 227, in error
    raise RuntimeError('FPDF error: '+msg)
RuntimeError: FPDF error: Not a PNG file: data/photos/1374296012.png
2025-05-04 16:46:14 - my_bot - ERROR - Файл подписи не является валидным PNG: data/photos/1374296012.png - [excel_to_pdf.py:40]
2025-05-04 16:46:14 - my_bot - ERROR - Ошибка при конвертации C:\проекты\бот_квитанции\data\files\Акт_аренда_46-57_МелякинИванВладимирович_20250504.xlsx в PDF: Подпись не в формате PNG, отправка документа отменена. - [excel_to_pdf.py:47]
Traceback (most recent call last):
  File "c:\проекты\бот_квитанции\src\services\excel_to_pdf.py", line 41, in convert_excel_to_pdf
    raise RuntimeError("Подпись не в формате PNG, отправка документа отменена.")
RuntimeError: Подпись не в формате PNG, отправка документа отменена.
2025-05-04 16:46:14 - my_bot - ERROR - Ошибка отправки: Подпись не в формате PNG, отправка документа отменена. - [document_handlers.py:307]
Traceback (most recent call last):
  File "c:\проекты\бот_квитанции\src\handlers\document_handlers.py", line 262, in handle_send_confirmation
    excel_to_pdf.convert_excel_to_pdf(xlsx_path, pdf_path, message.from_user.id)
    ~~~~~~~~~~~~~~~~~~~~~~~~~~~~~~~~~^^^^^^^^^^^^^^^^^^^^^^^^^^^^^^^^^^^^^^^^^^^
  File "c:\проекты\бот_квитанции\src\services\excel_to_pdf.py", line 41, in convert_excel_to_pdf
    raise RuntimeError("Подпись не в формате PNG, отправка документа отменена.")
RuntimeError: Подпись не в формате PNG, отправка документа отменена.
2025-05-04 16:48:01 - my_bot - ERROR - Файл подписи не является валидным PNG: data/photos/1374296012.png - [excel_to_pdf.py:43]
2025-05-04 16:48:01 - my_bot - ERROR - Ошибка при конвертации C:\проекты\бот_квитанции\data\files\Акт_аренда_46-57_МелякинИванВладимирович_20250504.xlsx в PDF: Подпись не в формате PNG, отправка документа отменена. - [excel_to_pdf.py:50]
Traceback (most recent call last):
  File "c:\проекты\бот_квитанции\src\services\excel_to_pdf.py", line 44, in convert_excel_to_pdf
    raise RuntimeError("Подпись не в формате PNG, отправка документа отменена.")
RuntimeError: Подпись не в формате PNG, отправка документа отменена.
2025-05-04 16:48:01 - my_bot - ERROR - Ошибка отправки: Подпись не в формате PNG, отправка документа отменена. - [document_handlers.py:307]
Traceback (most recent call last):
  File "c:\проекты\бот_квитанции\src\handlers\document_handlers.py", line 262, in handle_send_confirmation
    excel_to_pdf.convert_excel_to_pdf(xlsx_path, pdf_path, message.from_user.id)
    ~~~~~~~~~~~~~~~~~~~~~~~~~~~~~~~~~^^^^^^^^^^^^^^^^^^^^^^^^^^^^^^^^^^^^^^^^^^^
  File "c:\проекты\бот_квитанции\src\services\excel_to_pdf.py", line 44, in convert_excel_to_pdf
    raise RuntimeError("Подпись не в формате PNG, отправка документа отменена.")
RuntimeError: Подпись не в формате PNG, отправка документа отменена.
2025-05-04 16:52:55 - my_bot - ERROR - Ошибка при конвертации C:\проекты\бот_квитанции\data\files\Акт_аренда_46-57_МелякинИванВладимирович_20250504.xlsx в PDF: [Errno 2] No such file or directory: 'data/photos/1374296012_fixed.png' - [excel_to_pdf.py:65]
Traceback (most recent call last):
  File "c:\проекты\бот_квитанции\src\services\excel_to_pdf.py", line 59, in convert_excel_to_pdf
    add_signature_to_pdf(pdf_path, signature_path)
    ~~~~~~~~~~~~~~~~~~~~^^^^^^^^^^^^^^^^^^^^^^^^^^
  File "c:\проекты\бот_квитанции\src\services\excel_to_pdf.py", line 72, in add_signature_to_pdf
    pdf.image(signature_path, x=10, y=250, w=40)
    ~~~~~~~~~^^^^^^^^^^^^^^^^^^^^^^^^^^^^^^^^^^^
  File "C:\Users\mitan\AppData\Local\Programs\Python\Python313\Lib\site-packages\fpdf\fpdf.py", line 150, in wrapper
    return fn(self, *args, **kwargs)
  File "C:\Users\mitan\AppData\Local\Programs\Python\Python313\Lib\site-packages\fpdf\fpdf.py", line 971, in image
    info=self._parsepng(name)
  File "C:\Users\mitan\AppData\Local\Programs\Python\Python313\Lib\site-packages\fpdf\fpdf.py", line 1772, in _parsepng
    f=open(name,'rb')
FileNotFoundError: [Errno 2] No such file or directory: 'data/photos/1374296012_fixed.png'
2025-05-04 16:52:55 - my_bot - ERROR - Ошибка отправки: [Errno 2] No such file or directory: 'data/photos/1374296012_fixed.png' - [document_handlers.py:307]
Traceback (most recent call last):
  File "c:\проекты\бот_квитанции\src\handlers\document_handlers.py", line 262, in handle_send_confirmation
    excel_to_pdf.convert_excel_to_pdf(xlsx_path, pdf_path, message.from_user.id)
    ~~~~~~~~~~~~~~~~~~~~~~~~~~~~~~~~~^^^^^^^^^^^^^^^^^^^^^^^^^^^^^^^^^^^^^^^^^^^
  File "c:\проекты\бот_квитанции\src\services\excel_to_pdf.py", line 59, in convert_excel_to_pdf
    add_signature_to_pdf(pdf_path, signature_path)
    ~~~~~~~~~~~~~~~~~~~~^^^^^^^^^^^^^^^^^^^^^^^^^^
  File "c:\проекты\бот_квитанции\src\services\excel_to_pdf.py", line 72, in add_signature_to_pdf
    pdf.image(signature_path, x=10, y=250, w=40)
    ~~~~~~~~~^^^^^^^^^^^^^^^^^^^^^^^^^^^^^^^^^^^
  File "C:\Users\mitan\AppData\Local\Programs\Python\Python313\Lib\site-packages\fpdf\fpdf.py", line 150, in wrapper
    return fn(self, *args, **kwargs)
  File "C:\Users\mitan\AppData\Local\Programs\Python\Python313\Lib\site-packages\fpdf\fpdf.py", line 971, in image
    info=self._parsepng(name)
  File "C:\Users\mitan\AppData\Local\Programs\Python\Python313\Lib\site-packages\fpdf\fpdf.py", line 1772, in _parsepng
    f=open(name,'rb')
FileNotFoundError: [Errno 2] No such file or directory: 'data/photos/1374296012_fixed.png'
2025-05-04 17:21:43 - my_bot - ERROR - Ошибка добавления подписи: 'PdfReader' object does not support the context manager protocol - [excel_to_pdf.py:108]
2025-05-04 17:21:43 - my_bot - ERROR - Ошибка в процессе конвертации - [excel_to_pdf.py:73]
Traceback (most recent call last):
  File "c:\проекты\бот_квитанции\src\services\excel_to_pdf.py", line 68, in convert_excel_to_pdf
    final_pdf = add_signature_to_pdf(pdf_path, signature_path)
  File "c:\проекты\бот_квитанции\src\services\excel_to_pdf.py", line 90, in add_signature_to_pdf
    with PdfReader(pdf_path) as reader:
         ~~~~~~~~~^^^^^^^^^^
TypeError: 'PdfReader' object does not support the context manager protocol
2025-05-04 17:21:43 - my_bot - ERROR - Ошибка отправки: 'PdfReader' object does not support the context manager protocol - [document_handlers.py:307]
Traceback (most recent call last):
  File "c:\проекты\бот_квитанции\src\handlers\document_handlers.py", line 262, in handle_send_confirmation
    excel_to_pdf.convert_excel_to_pdf(xlsx_path, pdf_path, message.from_user.id)
    ~~~~~~~~~~~~~~~~~~~~~~~~~~~~~~~~~^^^^^^^^^^^^^^^^^^^^^^^^^^^^^^^^^^^^^^^^^^^
  File "c:\проекты\бот_квитанции\src\services\excel_to_pdf.py", line 68, in convert_excel_to_pdf
    final_pdf = add_signature_to_pdf(pdf_path, signature_path)
  File "c:\проекты\бот_квитанции\src\services\excel_to_pdf.py", line 90, in add_signature_to_pdf
    with PdfReader(pdf_path) as reader:
         ~~~~~~~~~^^^^^^^^^^
TypeError: 'PdfReader' object does not support the context manager protocol
2025-05-04 17:26:45 - my_bot - ERROR - Ошибка в процессе конвертации - [excel_to_pdf.py:73]
Traceback (most recent call last):
  File "c:\проекты\бот_квитанции\src\services\excel_to_pdf.py", line 69, in convert_excel_to_pdf
    logger.success(f"Финальный PDF с подписью: {final_pdf}")
    ^^^^^^^^^^^^^^
AttributeError: 'Logger' object has no attribute 'success'
2025-05-04 17:26:45 - my_bot - ERROR - Ошибка отправки: 'Logger' object has no attribute 'success' - [document_handlers.py:307]
Traceback (most recent call last):
  File "c:\проекты\бот_квитанции\src\handlers\document_handlers.py", line 262, in handle_send_confirmation
    excel_to_pdf.convert_excel_to_pdf(xlsx_path, pdf_path, message.from_user.id)
    ~~~~~~~~~~~~~~~~~~~~~~~~~~~~~~~~~^^^^^^^^^^^^^^^^^^^^^^^^^^^^^^^^^^^^^^^^^^^
  File "c:\проекты\бот_квитанции\src\services\excel_to_pdf.py", line 69, in convert_excel_to_pdf
    logger.success(f"Финальный PDF с подписью: {final_pdf}")
    ^^^^^^^^^^^^^^
AttributeError: 'Logger' object has no attribute 'success'
2025-05-04 17:39:10 - my_bot - ERROR - Ошибка отправки: convert_excel_to_pdf() takes 2 positional arguments but 3 were given - [document_handlers.py:307]
Traceback (most recent call last):
  File "c:\проекты\бот_квитанции\src\handlers\document_handlers.py", line 262, in handle_send_confirmation
    excel_to_pdf.convert_excel_to_pdf(xlsx_path, pdf_path, message.from_user.id)
    ~~~~~~~~~~~~~~~~~~~~~~~~~~~~~~~~~^^^^^^^^^^^^^^^^^^^^^^^^^^^^^^^^^^^^^^^^^^^
TypeError: convert_excel_to_pdf() takes 2 positional arguments but 3 were given
2025-05-04 17:45:55 - my_bot - ERROR - Ошибка создания PDF подписи: type object 'Image' has no attribute 'open' - [excel_to_pdf.py:182]
2025-05-04 17:45:55 - my_bot - ERROR - Ошибка добавления подписи: type object 'Image' has no attribute 'open' - [excel_to_pdf.py:139]
2025-05-04 17:45:55 - my_bot - ERROR - Ошибка конвертации: type object 'Image' has no attribute 'open' - [excel_to_pdf.py:103]
2025-05-04 17:45:55 - my_bot - ERROR - Ошибка отправки: type object 'Image' has no attribute 'open' - [document_handlers.py:307]
Traceback (most recent call last):
  File "c:\проекты\бот_квитанции\src\handlers\document_handlers.py", line 262, in handle_send_confirmation
    excel_to_pdf.convert_excel_to_pdf(xlsx_path, pdf_path, message.from_user.id)
    ~~~~~~~~~~~~~~~~~~~~~~~~~~~~~~~~~^^^^^^^^^^^^^^^^^^^^^^^^^^^^^^^^^^^^^^^^^^^
  File "c:\проекты\бот_квитанции\src\services\excel_to_pdf.py", line 98, in convert_excel_to_pdf
    add_signature_to_pdf(pdf_path, signature_path)
    ~~~~~~~~~~~~~~~~~~~~^^^^^^^^^^^^^^^^^^^^^^^^^^
  File "c:\проекты\бот_квитанции\src\services\excel_to_pdf.py", line 113, in add_signature_to_pdf
    signature_pdf = create_signature_pdf(signature_path)
  File "c:\проекты\бот_квитанции\src\services\excel_to_pdf.py", line 151, in create_signature_pdf
    with Image.open(signature_path) as img:
         ^^^^^^^^^^
AttributeError: type object 'Image' has no attribute 'open'
2025-05-04 19:26:13 - my_bot - ERROR - Ошибка при вставке подписи: bad image name - [excel_to_pdf.py:74]
2025-05-04 19:26:13 - my_bot - ERROR - Ошибка при конвертации C:\проекты\бот_квитанции\data\files\Акт_аренда_46-57_МелякинИванВладимирович_20250504.xlsx в PDF: bad image name - [excel_to_pdf.py:37]
Traceback (most recent call last):
  File "c:\проекты\бот_квитанции\src\services\excel_to_pdf.py", line 32, in convert_excel_to_pdf
    insert_image_into_pdf(pdf_path, image_path)
    ~~~~~~~~~~~~~~~~~~~~~^^^^^^^^^^^^^^^^^^^^^^
  File "c:\проекты\бот_квитанции\src\services\excel_to_pdf.py", line 51, in insert_image_into_pdf
    img_height = image_width * (page.get_image_bbox(image_path).height / page.get_image_bbox(image_path).width)
                                ~~~~~~~~~~~~~~~~~~~^^^^^^^^^^^^
  File "C:\Users\mitan\AppData\Local\Programs\Python\Python313\Lib\site-packages\pymupdf\__init__.py", line 9246, in get_image_bbox
    raise ValueError('bad image name')
ValueError: bad image name
2025-05-04 19:28:07 - my_bot - ERROR - Ошибка при вставке подписи: bad image name - [excel_to_pdf.py:74]
2025-05-04 19:28:07 - my_bot - ERROR - Ошибка при конвертации C:\проекты\бот_квитанции\data\files\Акт_аренда_46-57_МелякинИванВладимирович_20250504.xlsx в PDF: bad image name - [excel_to_pdf.py:37]
Traceback (most recent call last):
  File "c:\проекты\бот_квитанции\src\services\excel_to_pdf.py", line 32, in convert_excel_to_pdf
    insert_image_into_pdf(pdf_path, image_path)
    ~~~~~~~~~~~~~~~~~~~~~^^^^^^^^^^^^^^^^^^^^^^
  File "c:\проекты\бот_квитанции\src\services\excel_to_pdf.py", line 51, in insert_image_into_pdf
    img_height = image_width * (page.get_image_bbox(image_path).height / page.get_image_bbox(image_path).width)
                                ~~~~~~~~~~~~~~~~~~~^^^^^^^^^^^^
  File "C:\Users\mitan\AppData\Local\Programs\Python\Python313\Lib\site-packages\pymupdf\__init__.py", line 9246, in get_image_bbox
    raise ValueError('bad image name')
ValueError: bad image name
2025-05-04 21:43:01 - my_bot - ERROR - Error saving signature photo for user 1374296012: 'Logger' object has no attribute 'success' - [profile.py:275]
2025-05-05 00:00:00 - my_bot - ERROR - 🔥 Ошибка при сбросе: Traceback (most recent call last):
  File "c:\проекты\бот_квитанции\src\utils\database.py", line 32, in reset_expired_subscriptions
    await cursor.execute(
    ...<3 lines>...
    )
  File "C:\Users\mitan\AppData\Local\Programs\Python\Python313\Lib\site-packages\aiomysql\cursors.py", line 239, in execute
    await self._query(query)
  File "C:\Users\mitan\AppData\Local\Programs\Python\Python313\Lib\site-packages\aiomysql\cursors.py", line 457, in _query
    await conn.query(q)
  File "C:\Users\mitan\AppData\Local\Programs\Python\Python313\Lib\site-packages\aiomysql\connection.py", line 469, in query
    await self._read_query_result(unbuffered=unbuffered)
  File "C:\Users\mitan\AppData\Local\Programs\Python\Python313\Lib\site-packages\aiomysql\connection.py", line 683, in _read_query_result
    await result.read()
  File "C:\Users\mitan\AppData\Local\Programs\Python\Python313\Lib\site-packages\aiomysql\connection.py", line 1164, in read
    first_packet = await self.connection._read_packet()
                   ^^^^^^^^^^^^^^^^^^^^^^^^^^^^^^^^^^^^
  File "C:\Users\mitan\AppData\Local\Programs\Python\Python313\Lib\site-packages\aiomysql\connection.py", line 652, in _read_packet
    packet.raise_for_error()
    ~~~~~~~~~~~~~~~~~~~~~~^^
  File "C:\Users\mitan\AppData\Local\Programs\Python\Python313\Lib\site-packages\pymysql\protocol.py", line 219, in raise_for_error
    err.raise_mysql_exception(self._data)
    ~~~~~~~~~~~~~~~~~~~~~~~~~^^^^^^^^^^^^
  File "C:\Users\mitan\AppData\Local\Programs\Python\Python313\Lib\site-packages\pymysql\err.py", line 150, in raise_mysql_exception
    raise errorclass(errno, errval)
pymysql.err.ProgrammingError: (1146, "Table 'kwit_bot.users_info' doesn't exist")
 - [database.py:41]
2025-05-05 01:30:29 - my_bot - ERROR - Error saving payment record for user 1374296012: (1265, "Data truncated for column 'type' at row 1") - [profile.py:434]
2025-05-05 01:30:29 - my_bot - ERROR - Error processing subscription for user 1374296012: (1265, "Data truncated for column 'type' at row 1") - [profile.py:525]
2025-05-05 01:31:47 - my_bot - ERROR - Error saving payment record for user 1374296012: (1265, "Data truncated for column 'type' at row 1") - [profile.py:434]
2025-05-05 01:31:47 - my_bot - ERROR - Payment processing error for user 1374296012: (1265, "Data truncated for column 'type' at row 1") - [profile.py:465]
2025-05-05 01:32:38 - my_bot - ERROR - Error saving payment record for user 1374296012: (1452, 'Cannot add or update a child row: a foreign key constraint fails (`kwit_bot`.`payments`, CONSTRAINT `payments_ibfk_1` FOREIGN KEY (`tenant_id`) REFERENCES `tenants` (`id`))') - [profile.py:434]
2025-05-05 01:32:38 - my_bot - ERROR - Payment processing error for user 1374296012: (1452, 'Cannot add or update a child row: a foreign key constraint fails (`kwit_bot`.`payments`, CONSTRAINT `payments_ibfk_1` FOREIGN KEY (`tenant_id`) REFERENCES `tenants` (`id`))') - [profile.py:465]
2025-05-05 14:08:04 - my_bot - ERROR - Ошибка при закрытии соединения для user_id=1374296012: object NoneType can't be used in 'await' expression - [document_handlers.py:96]
2025-05-05 14:11:09 - my_bot - ERROR - Ошибка при проверке/создании пользователя user_id=1374296012: (1364, "Field 'host_id' doesn't have a default value") - [document_handlers.py:56]
2025-05-05 14:11:09 - my_bot - ERROR - Ошибка при закрытии соединения в ensure_user_exists для user_id=1374296012: object NoneType can't be used in 'await' expression - [document_handlers.py:64]
2025-05-05 14:11:09 - my_bot - ERROR - Не удалось обеспечить существование пользователя user_id=1374296012 - [document_handlers.py:83]
2025-05-05 14:11:09 - my_bot - ERROR - Ошибка при закрытии соединения для user_id=1374296012: object NoneType can't be used in 'await' expression - [document_handlers.py:140]
2025-05-05 14:16:25 - my_bot - ERROR - Ошибка при закрытии соединения для user_id=1374296012: object NoneType can't be used in 'await' expression - [document_handlers.py:96]
2025-05-05 14:16:37 - my_bot - ERROR - Ошибка при закрытии соединения для user_id=1374296012: object NoneType can't be used in 'await' expression - [document_handlers.py:96]
2025-05-05 14:16:40 - my_bot - ERROR - Ошибка при закрытии соединения для user_id=1374296012: object NoneType can't be used in 'await' expression - [document_handlers.py:96]
2025-05-05 14:16:43 - my_bot - ERROR - Ошибка при закрытии соединения для user_id=1374296012: object NoneType can't be used in 'await' expression - [document_handlers.py:96]
2025-05-05 14:16:48 - my_bot - ERROR - Ошибка при закрытии соединения для user_id=1374296012: object NoneType can't be used in 'await' expression - [document_handlers.py:96]
2025-05-05 14:16:51 - my_bot - ERROR - Ошибка при закрытии соединения для user_id=1374296012: object NoneType can't be used in 'await' expression - [document_handlers.py:96]
2025-05-05 14:16:54 - my_bot - ERROR - Ошибка при закрытии соединения для user_id=1374296012: object NoneType can't be used in 'await' expression - [document_handlers.py:96]
2025-05-05 14:16:57 - my_bot - ERROR - Ошибка при закрытии соединения для user_id=1374296012: object NoneType can't be used in 'await' expression - [document_handlers.py:96]
2025-05-05 14:17:02 - my_bot - ERROR - Ошибка при закрытии соединения для user_id=1374296012: object NoneType can't be used in 'await' expression - [document_handlers.py:96]
2025-05-05 14:17:05 - my_bot - ERROR - Ошибка при закрытии соединения для user_id=1374296012: object NoneType can't be used in 'await' expression - [document_handlers.py:96]
2025-05-05 14:17:08 - my_bot - ERROR - Ошибка при закрытии соединения для user_id=1374296012: object NoneType can't be used in 'await' expression - [document_handlers.py:96]
2025-05-05 14:18:36 - my_bot - ERROR - Ошибка при закрытии соединения для user_id=1374296012: object NoneType can't be used in 'await' expression - [document_handlers.py:96]
2025-05-05 14:22:16 - my_bot - ERROR - Ошибка при закрытии соединения для user_id=1374296012: object NoneType can't be used in 'await' expression - [document_handlers.py:96]
2025-05-05 14:27:39 - my_bot - ERROR - Ошибка при закрытии соединения в ensure_user_exists для user_id=1374296012: object NoneType can't be used in 'await' expression - [document_handlers.py:64]
2025-05-05 14:27:39 - my_bot - ERROR - Ошибка при проверке лимитов для user_id=1374296012: (1054, "Unknown column 'host_id' in 'where clause'") - [document_handlers.py:134]
2025-05-05 14:27:39 - my_bot - ERROR - Ошибка при закрытии соединения для user_id=1374296012: object NoneType can't be used in 'await' expression - [document_handlers.py:142]
2025-05-05 14:38:24 - my_bot - ERROR - Ошибка создания акта: list index out of range - [generate_document.py:348]
Traceback (most recent call last):
  File "c:\проекты\бот_квитанции\src\services\generate_document.py", line 277, in create_act
    f"ИП {db_data_ten['name'].split()[0]} {db_data_ten['name'].split()[1][0]}. {db_data_ten['name'].split()[2][0]}."
                                           ~~~~~~~~~~~~~~~~~~~~~~~~~~~^^^
IndexError: list index out of range
2025-05-05 14:38:24 - my_bot - ERROR - Ошибка генерации для 21 - [mass_otr.py:293]
Traceback (most recent call last):
  File "c:\проекты\бот_квитанции\src\handlers\mass_otr.py", line 282, in generate_documents
    xlsx_path = await create_act(user_id, tenant_id, template, custom_date=custom_date)
                ^^^^^^^^^^^^^^^^^^^^^^^^^^^^^^^^^^^^^^^^^^^^^^^^^^^^^^^^^^^^^^^^^^^^^^^
  File "c:\проекты\бот_квитанции\src\services\generate_document.py", line 277, in create_act
    f"ИП {db_data_ten['name'].split()[0]} {db_data_ten['name'].split()[1][0]}. {db_data_ten['name'].split()[2][0]}."
                                           ~~~~~~~~~~~~~~~~~~~~~~~~~~~^^^
IndexError: list index out of range
2025-05-05 14:38:33 - my_bot - ERROR - Ошибка для ID 19: convert_excel_to_pdf() missing 1 required positional argument: 'user_id' - [mass_otr.py:226]
Traceback (most recent call last):
  File "c:\проекты\бот_квитанции\src\handlers\mass_otr.py", line 196, in handle_rent_date_or_send
    convert_excel_to_pdf(xlsx_path, pdf_path)
    ~~~~~~~~~~~~~~~~~~~~^^^^^^^^^^^^^^^^^^^^^
TypeError: convert_excel_to_pdf() missing 1 required positional argument: 'user_id'
2025-05-05 14:38:55 - my_bot - ERROR - Ошибка для ID 19: convert_excel_to_pdf() missing 1 required positional argument: 'user_id' - [mass_otr.py:226]
Traceback (most recent call last):
  File "c:\проекты\бот_квитанции\src\handlers\mass_otr.py", line 196, in handle_rent_date_or_send
    convert_excel_to_pdf(xlsx_path, pdf_path)
    ~~~~~~~~~~~~~~~~~~~~^^^^^^^^^^^^^^^^^^^^^
TypeError: convert_excel_to_pdf() missing 1 required positional argument: 'user_id'
2025-05-05 17:25:54 - my_bot - ERROR - Ошибка создания акта: list index out of range - [generate_document.py:348]
Traceback (most recent call last):
  File "c:\проекты\бот_квитанции\src\services\generate_document.py", line 277, in create_act
    f"ИП {db_data_ten['name'].split()[0]} {db_data_ten['name'].split()[1][0]}. {db_data_ten['name'].split()[2][0]}."
                                           ~~~~~~~~~~~~~~~~~~~~~~~~~~~^^^
IndexError: list index out of range
2025-05-05 17:25:54 - my_bot - ERROR - Ошибка генерации для 21 - [mass_otr.py:325]
Traceback (most recent call last):
  File "c:\проекты\бот_квитанции\src\handlers\mass_otr.py", line 314, in generate_documents
    xlsx_path = await create_act(user_id, tenant_id, template, custom_date=custom_date)
                ^^^^^^^^^^^^^^^^^^^^^^^^^^^^^^^^^^^^^^^^^^^^^^^^^^^^^^^^^^^^^^^^^^^^^^^
  File "c:\проекты\бот_квитанции\src\services\generate_document.py", line 277, in create_act
    f"ИП {db_data_ten['name'].split()[0]} {db_data_ten['name'].split()[1][0]}. {db_data_ten['name'].split()[2][0]}."
                                           ~~~~~~~~~~~~~~~~~~~~~~~~~~~^^^
IndexError: list index out of range
2025-05-05 17:49:53 - my_bot - ERROR - Error handling profile menu for user 1374296012: 4 validation errors for SendMessage
reply_markup.InlineKeyboardMarkup
  Input should be a valid dictionary or instance of InlineKeyboardMarkup [type=model_type, input_value=<function subscription_ke...d at 0x000001F201D7BB00>, input_type=function]
    For further information visit https://errors.pydantic.dev/2.10/v/model_type
reply_markup.ReplyKeyboardMarkup
  Input should be a valid dictionary or instance of ReplyKeyboardMarkup [type=model_type, input_value=<function subscription_ke...d at 0x000001F201D7BB00>, input_type=function]
    For further information visit https://errors.pydantic.dev/2.10/v/model_type
reply_markup.ReplyKeyboardRemove
  Input should be a valid dictionary or instance of ReplyKeyboardRemove [type=model_type, input_value=<function subscription_ke...d at 0x000001F201D7BB00>, input_type=function]
    For further information visit https://errors.pydantic.dev/2.10/v/model_type
reply_markup.ForceReply
  Input should be a valid dictionary or instance of ForceReply [type=model_type, input_value=<function subscription_ke...d at 0x000001F201D7BB00>, input_type=function]
    For further information visit https://errors.pydantic.dev/2.10/v/model_type - [profile.py:198]
2025-05-05 19:17:54 - my_bot - ERROR - Error adding tenant by user 991449015: (1406, "Data too long for column 'inn' at row 1") - [add_user.py:130]
2025-05-05 19:27:20 - my_bot - ERROR - [991449015] Ошибка добавления: (1406, "Data too long for column 'inn' at row 1") - [add_tenant.py:224]
2025-05-07 21:31:10 - my_bot - CRITICAL - Критическая ошибка: Telegram server says - Bad Request: can't parse entities: Unexpected end tag at byte offset 2150 после /start - [main.py:60]
Traceback (most recent call last):
  File "c:\проекты\бот_квитанции\main.py", line 55, in cmd_start
    await start_adding_user1(message, state)
  File "c:\проекты\бот_квитанции\src\handlers\add_user.py", line 76, in start_adding_user1
    await message.answer(welcome_text, parse_mode='HTML')
  File "C:\Users\mitan\AppData\Local\Programs\Python\Python313\Lib\site-packages\aiogram\methods\base.py", line 84, in emit
    return await bot(self)
           ^^^^^^^^^^^^^^^
  File "C:\Users\mitan\AppData\Local\Programs\Python\Python313\Lib\site-packages\aiogram\client\bot.py", line 453, in __call__
    return await self.session(self, method, timeout=request_timeout)
           ^^^^^^^^^^^^^^^^^^^^^^^^^^^^^^^^^^^^^^^^^^^^^^^^^^^^^^^^^
  File "C:\Users\mitan\AppData\Local\Programs\Python\Python313\Lib\site-packages\aiogram\client\session\base.py", line 254, in __call__
    return cast(TelegramType, await middleware(bot, method))
                              ^^^^^^^^^^^^^^^^^^^^^^^^^^^^^
  File "C:\Users\mitan\AppData\Local\Programs\Python\Python313\Lib\site-packages\aiogram\client\session\aiohttp.py", line 185, in make_request
    response = self.check_response(
        bot=bot, method=method, status_code=resp.status, content=raw_result
    )
  File "C:\Users\mitan\AppData\Local\Programs\Python\Python313\Lib\site-packages\aiogram\client\session\base.py", line 120, in check_response
    raise TelegramBadRequest(method=method, message=description)
aiogram.exceptions.TelegramBadRequest: Telegram server says - Bad Request: can't parse entities: Unexpected end tag at byte offset 2150
2025-05-07 21:31:31 - my_bot - CRITICAL - Критическая ошибка: Telegram server says - Bad Request: can't parse entities: Unexpected end tag at byte offset 2150 после /start - [main.py:60]
Traceback (most recent call last):
  File "c:\проекты\бот_квитанции\main.py", line 55, in cmd_start
    await start_adding_user1(message, state)
  File "c:\проекты\бот_квитанции\src\handlers\add_user.py", line 76, in start_adding_user1
    await message.answer(welcome_text, parse_mode='HTML')
  File "C:\Users\mitan\AppData\Local\Programs\Python\Python313\Lib\site-packages\aiogram\methods\base.py", line 84, in emit
    return await bot(self)
           ^^^^^^^^^^^^^^^
  File "C:\Users\mitan\AppData\Local\Programs\Python\Python313\Lib\site-packages\aiogram\client\bot.py", line 453, in __call__
    return await self.session(self, method, timeout=request_timeout)
           ^^^^^^^^^^^^^^^^^^^^^^^^^^^^^^^^^^^^^^^^^^^^^^^^^^^^^^^^^
  File "C:\Users\mitan\AppData\Local\Programs\Python\Python313\Lib\site-packages\aiogram\client\session\base.py", line 254, in __call__
    return cast(TelegramType, await middleware(bot, method))
                              ^^^^^^^^^^^^^^^^^^^^^^^^^^^^^
  File "C:\Users\mitan\AppData\Local\Programs\Python\Python313\Lib\site-packages\aiogram\client\session\aiohttp.py", line 185, in make_request
    response = self.check_response(
        bot=bot, method=method, status_code=resp.status, content=raw_result
    )
  File "C:\Users\mitan\AppData\Local\Programs\Python\Python313\Lib\site-packages\aiogram\client\session\base.py", line 120, in check_response
    raise TelegramBadRequest(method=method, message=description)
aiogram.exceptions.TelegramBadRequest: Telegram server says - Bad Request: can't parse entities: Unexpected end tag at byte offset 2150
2025-05-08 01:33:14 - my_bot - ERROR - Ошибка отправки: (1054, "Unknown column 'name' in 'field list'") - [document_handlers.py:481]
Traceback (most recent call last):
  File "c:\проекты\бот_квитанции\src\handlers\document_handlers.py", line 369, in handle_send_confirmation
    await cursor.execute("SELECT name FROM users WHERE host_id = %s", (user_id,))
  File "C:\Users\mitan\AppData\Local\Programs\Python\Python313\Lib\site-packages\aiomysql\cursors.py", line 239, in execute
    await self._query(query)
  File "C:\Users\mitan\AppData\Local\Programs\Python\Python313\Lib\site-packages\aiomysql\cursors.py", line 457, in _query
    await conn.query(q)
  File "C:\Users\mitan\AppData\Local\Programs\Python\Python313\Lib\site-packages\aiomysql\connection.py", line 469, in query
    await self._read_query_result(unbuffered=unbuffered)
  File "C:\Users\mitan\AppData\Local\Programs\Python\Python313\Lib\site-packages\aiomysql\connection.py", line 683, in _read_query_result
    await result.read()
  File "C:\Users\mitan\AppData\Local\Programs\Python\Python313\Lib\site-packages\aiomysql\connection.py", line 1164, in read
    first_packet = await self.connection._read_packet()
                   ^^^^^^^^^^^^^^^^^^^^^^^^^^^^^^^^^^^^
  File "C:\Users\mitan\AppData\Local\Programs\Python\Python313\Lib\site-packages\aiomysql\connection.py", line 652, in _read_packet
    packet.raise_for_error()
    ~~~~~~~~~~~~~~~~~~~~~~^^
  File "C:\Users\mitan\AppData\Local\Programs\Python\Python313\Lib\site-packages\pymysql\protocol.py", line 219, in raise_for_error
    err.raise_mysql_exception(self._data)
    ~~~~~~~~~~~~~~~~~~~~~~~~~^^^^^^^^^^^^
  File "C:\Users\mitan\AppData\Local\Programs\Python\Python313\Lib\site-packages\pymysql\err.py", line 150, in raise_mysql_exception
    raise errorclass(errno, errval)
pymysql.err.OperationalError: (1054, "Unknown column 'name' in 'field list'")
2025-05-09 00:00:00 - my_bot - ERROR - 🔥 Ошибка при сбросе: Traceback (most recent call last):
  File "c:\проекты\бот_квитанции\src\utils\database.py", line 32, in reset_expired_subscriptions
    await cursor.execute(
    ...<3 lines>...
    )
  File "C:\Users\mitan\AppData\Local\Programs\Python\Python313\Lib\site-packages\aiomysql\cursors.py", line 239, in execute
    await self._query(query)
  File "C:\Users\mitan\AppData\Local\Programs\Python\Python313\Lib\site-packages\aiomysql\cursors.py", line 457, in _query
    await conn.query(q)
  File "C:\Users\mitan\AppData\Local\Programs\Python\Python313\Lib\site-packages\aiomysql\connection.py", line 469, in query
    await self._read_query_result(unbuffered=unbuffered)
  File "C:\Users\mitan\AppData\Local\Programs\Python\Python313\Lib\site-packages\aiomysql\connection.py", line 683, in _read_query_result
    await result.read()
  File "C:\Users\mitan\AppData\Local\Programs\Python\Python313\Lib\site-packages\aiomysql\connection.py", line 1164, in read
    first_packet = await self.connection._read_packet()
                   ^^^^^^^^^^^^^^^^^^^^^^^^^^^^^^^^^^^^
  File "C:\Users\mitan\AppData\Local\Programs\Python\Python313\Lib\site-packages\aiomysql\connection.py", line 652, in _read_packet
    packet.raise_for_error()
    ~~~~~~~~~~~~~~~~~~~~~~^^
  File "C:\Users\mitan\AppData\Local\Programs\Python\Python313\Lib\site-packages\pymysql\protocol.py", line 219, in raise_for_error
    err.raise_mysql_exception(self._data)
    ~~~~~~~~~~~~~~~~~~~~~~~~~^^^^^^^^^^^^
  File "C:\Users\mitan\AppData\Local\Programs\Python\Python313\Lib\site-packages\pymysql\err.py", line 150, in raise_mysql_exception
    raise errorclass(errno, errval)
pymysql.err.ProgrammingError: (1146, "Table 'kwit_bot.users_info' doesn't exist")
 - [database.py:41]
2025-05-10 00:00:00 - my_bot - ERROR - 🔥 Ошибка при сбросе: Traceback (most recent call last):
  File "c:\проекты\бот_квитанции\src\utils\database.py", line 32, in reset_expired_subscriptions
    await cursor.execute(
    ...<3 lines>...
    )
  File "C:\Users\mitan\AppData\Local\Programs\Python\Python313\Lib\site-packages\aiomysql\cursors.py", line 239, in execute
    await self._query(query)
  File "C:\Users\mitan\AppData\Local\Programs\Python\Python313\Lib\site-packages\aiomysql\cursors.py", line 457, in _query
    await conn.query(q)
  File "C:\Users\mitan\AppData\Local\Programs\Python\Python313\Lib\site-packages\aiomysql\connection.py", line 469, in query
    await self._read_query_result(unbuffered=unbuffered)
  File "C:\Users\mitan\AppData\Local\Programs\Python\Python313\Lib\site-packages\aiomysql\connection.py", line 683, in _read_query_result
    await result.read()
  File "C:\Users\mitan\AppData\Local\Programs\Python\Python313\Lib\site-packages\aiomysql\connection.py", line 1164, in read
    first_packet = await self.connection._read_packet()
                   ^^^^^^^^^^^^^^^^^^^^^^^^^^^^^^^^^^^^
  File "C:\Users\mitan\AppData\Local\Programs\Python\Python313\Lib\site-packages\aiomysql\connection.py", line 652, in _read_packet
    packet.raise_for_error()
    ~~~~~~~~~~~~~~~~~~~~~~^^
  File "C:\Users\mitan\AppData\Local\Programs\Python\Python313\Lib\site-packages\pymysql\protocol.py", line 219, in raise_for_error
    err.raise_mysql_exception(self._data)
    ~~~~~~~~~~~~~~~~~~~~~~~~~^^^^^^^^^^^^
  File "C:\Users\mitan\AppData\Local\Programs\Python\Python313\Lib\site-packages\pymysql\err.py", line 150, in raise_mysql_exception
    raise errorclass(errno, errval)
pymysql.err.ProgrammingError: (1146, "Table 'kwit_bot.users_info' doesn't exist")
 - [database.py:41]
2025-05-21 15:20:28 - my_bot - ERROR - [651116138] Ошибка добавления: (1406, "Data too long for column 'inn' at row 1") - [add_tenant.py:224]
2025-05-21 17:05:09 - my_bot - ERROR - [651116138] Ошибка добавления: (1406, "Data too long for column 'inn' at row 1") - [add_tenant.py:224]
2025-05-28 14:36:15 - my_bot - ERROR - Ошибка для ID 23: Фото не найдено: C:\проекты\бот_квитанции\data\photos\651116138.png - [mass_otr.py:294]
Traceback (most recent call last):
  File "c:\проекты\бот_квитанции\src\handlers\mass_otr.py", line 241, in handle_rent_date_or_send
    convert_excel_to_pdf(xlsx_path, pdf_path, user_id)
    ~~~~~~~~~~~~~~~~~~~~^^^^^^^^^^^^^^^^^^^^^^^^^^^^^^
  File "c:\проекты\бот_квитанции\src\services\excel_to_pdf.py", line 98, in convert_excel_to_pdf
    raise FileNotFoundError(f"Фото не найдено: {image_path}")
FileNotFoundError: Фото не найдено: C:\проекты\бот_квитанции\data\photos\651116138.png
2025-05-28 14:36:16 - my_bot - ERROR - Ошибка для ID 24: Фото не найдено: C:\проекты\бот_квитанции\data\photos\651116138.png - [mass_otr.py:294]
Traceback (most recent call last):
  File "c:\проекты\бот_квитанции\src\handlers\mass_otr.py", line 241, in handle_rent_date_or_send
    convert_excel_to_pdf(xlsx_path, pdf_path, user_id)
    ~~~~~~~~~~~~~~~~~~~~^^^^^^^^^^^^^^^^^^^^^^^^^^^^^^
  File "c:\проекты\бот_квитанции\src\services\excel_to_pdf.py", line 98, in convert_excel_to_pdf
    raise FileNotFoundError(f"Фото не найдено: {image_path}")
FileNotFoundError: Фото не найдено: C:\проекты\бот_квитанции\data\photos\651116138.png
2025-05-28 14:36:17 - my_bot - ERROR - Ошибка для ID 25: Фото не найдено: C:\проекты\бот_квитанции\data\photos\651116138.png - [mass_otr.py:294]
Traceback (most recent call last):
  File "c:\проекты\бот_квитанции\src\handlers\mass_otr.py", line 241, in handle_rent_date_or_send
    convert_excel_to_pdf(xlsx_path, pdf_path, user_id)
    ~~~~~~~~~~~~~~~~~~~~^^^^^^^^^^^^^^^^^^^^^^^^^^^^^^
  File "c:\проекты\бот_квитанции\src\services\excel_to_pdf.py", line 98, in convert_excel_to_pdf
    raise FileNotFoundError(f"Фото не найдено: {image_path}")
FileNotFoundError: Фото не найдено: C:\проекты\бот_квитанции\data\photos\651116138.png
2025-05-28 14:38:19 - my_bot - ERROR - Ошибка в команде /get_all_tenants: Telegram server says - Bad Request: message is too long - [get_ten.py:54]
2025-05-28 14:38:45 - my_bot - ERROR - Ошибка в команде /get_all_tenants: Telegram server says - Bad Request: message is too long - [get_ten.py:54]
2025-05-29 21:47:07 - my_bot - ERROR - [1374296012] Ошибка добавления: (1264, "Out of range value for column 'rent_amount' at row 1") - [add_tenant.py:224]
2025-06-02 13:30:54 - my_bot - ERROR - Ошибка в команде /get_all_tenants: Telegram server says - Bad Request: message is too long - [get_ten.py:54]
2025-12-12 23:43:01 - my_bot - ERROR - Ошибка создания акта: list index out of range - [generate_document.py:356]
Traceback (most recent call last):
  File "c:\проекты\бот_квитанции\src\services\generate_document.py", line 270, in create_act
    krat = f"ИП {db_data_ten['name'].split()[0]} {db_data_ten['name'].split()[1][0]}. {db_data_ten['name'].split()[2][0]}."
                                                  ~~~~~~~~~~~~~~~~~~~~~~~~~~~^^^
IndexError: list index out of range
2025-12-12 23:43:01 - my_bot - ERROR - Ошибка генерации для 21 - [mass_otr.py:361]
Traceback (most recent call last):
  File "c:\проекты\бот_квитанции\src\handlers\mass_otr.py", line 350, in generate_documents
    xlsx_path = await create_act(user_id, tenant_id, template, custom_date=custom_date)
                ^^^^^^^^^^^^^^^^^^^^^^^^^^^^^^^^^^^^^^^^^^^^^^^^^^^^^^^^^^^^^^^^^^^^^^^
  File "c:\проекты\бот_квитанции\src\services\generate_document.py", line 270, in create_act
    krat = f"ИП {db_data_ten['name'].split()[0]} {db_data_ten['name'].split()[1][0]}. {db_data_ten['name'].split()[2][0]}."
                                                  ~~~~~~~~~~~~~~~~~~~~~~~~~~~^^^
IndexError: list index out of range
